Test L051 Required
States 1
0:X0=2; 0:X2=instr:"ADD W0,W0,#1";
Ok
Witnesses
Positive: 1 Negative: 0
Condition forall (0:X0=2)
Observation L051 Always 1 0
Hash=3f02cb0d49f28c18bd60c866e0675e78

