% ==================================================
% AUTO-GENERATED - DO NOT EDIT
% ==================================================

% ------------------
% Macros for symbols
% ------------------

\newcommand\t[0]{ \hyperlink{type-t}{\textsf{t}} } % Generated from t
\newcommand\s[0]{ \hyperlink{type-s}{\textsf{s}} } % Generated from s
\newcommand\A[0]{ \hyperlink{type-A}{\textsf{A}} } % Generated from A
\newcommand\B[0]{ \hyperlink{type-B}{\textsf{B}} } % Generated from B

% -------------------
% Macros for elements
% -------------------

\DefineType{t}{\texthypertarget{type-t}$\t$} % EndDefineType

\DefineType{s}{
\begin{flalign*}
\s\texthypertarget{type-s} \triangleq\ & \pow{\t}\\
\cup\ & \A\mathhypertarget{type-A}\\
\cup\ & \B\left(\s, \s\right)\mathhypertarget{type-B}\end{flalign*}} % EndDefineType


