% ==================================================
% AUTO-GENERATED - DO NOT EDIT
% ==================================================

% ------------------
% Macros for symbols
% ------------------

\newcommand\Int[0]{ \hyperlink{type-Int}{\textsf{Int}} } % Generated from Int
\newcommand\One[0]{ \hyperlink{constant-One}{\textsf{One}} } % Generated from One
\newcommand\Two[0]{ \hyperlink{constant-Two}{\textsf{Two}} } % Generated from Two
\newcommand\B[0]{ \hyperlink{type-B}{\textsf{B}} } % Generated from B
\newcommand\C[0]{ \hyperlink{type-C}{\textsf{C}} } % Generated from C
\newcommand\Rec[0]{ \hyperlink{type-Rec}{\textsf{Rec}} } % Generated from Rec
\newcommand\LRec[0]{ \hyperlink{type-LRec}{\textsf{LRec}} } % Generated from LRec
\newcommand\expr[0]{ \hyperlink{ast-expr}{\textsf{expr}} } % Generated from expr
\newcommand\Number[0]{ \hyperlink{ast-Number}{\textsc{Number}} } % Generated from Number
\newcommand\Plus[0]{ \hyperlink{ast-Plus}{\textsc{Plus}} } % Generated from Plus

% -------------------
% Macros for elements
% -------------------

\DefineType{Int}{\texthypertarget{type-Int}$\Int$} % EndDefineType

\DefineConstant{One}{\hypertarget{constant-One}{} $\One$} % EndDefineConstant

\DefineConstant{Two}{\hypertarget{constant-Two}{} $\Two$} % EndDefineConstant

\DefineType{B}{
\begin{flalign*}
\B\texthypertarget{type-B} \triangleq\ & \mathhypertarget{type-C}\C\\
\cup\ & \pow{\Int}\\
\cup\ & \Option{\Int}\\
\cup\ & \KleeneStar{\Int}\\
\cup\ & \KleenePlus{\Int}\\
\cup\ & \Int\\
\cup\ & \Int \rightarrow \Int\\
\cup\ & \Int \partialto \Int\\
\cup\ & \{\One, \Two\}\\
\cup\ & \left(\Int, \Int\right)\\
\cup\ & \Rec\left(\Int, \Int\right)\mathhypertarget{type-Rec}\\
\cup\ & \left\{\begin{array}{lcl}
               \text{f} & : & \Int\\
               \text{g} & : & \left(\Int, \Int\right) \rightarrow \pow{\Int}
               \end{array}\right\}\\
\cup\ & \LRec\left\{\begin{array}{lcl}
                    \text{f} & : & \Rec\left(\Int, \Int\right)\\
                    \text{g} & : & \left(\Int, \Int\right) \rightarrow \pow{\Int}
                    \end{array}\right\}\mathhypertarget{type-LRec}\end{flalign*}} % EndDefineType

\DefineType{expr}{
\begin{flalign*}
\expr\texthypertarget{ast-expr} \derives\ & \mathhypertarget{ast-Number}\Number\left(\overtext{\Int}{\texttt{v}}\right)\\
|\ & \Plus\left(\overtext{\expr}{\texttt{lhs}}, \overtext{\expr}{\texttt{rhs}}\right)\mathhypertarget{ast-Plus}\end{flalign*}} % EndDefineType


