Test write-mem Required
States 1
[x]=3;
Ok
Witnesses
Positive: 1 Negative: 0
Condition forall ([x]=3)
Observation write-mem Always 1 0
Hash=719313691fb4deaca7551f344859eafa

